// Jest Snapshot v1, https://goo.gl/fbAQLP

exports[`Landing component reanders properly 1`] = `<Slideshow />`;
