// Jest Snapshot v1, https://goo.gl/fbAQLP

exports[`Login component renders properly without crashing 1`] = `
<div
  className="background"
>
  <div
    id="logbar"
  >
    <div
      className="form-group"
    >
      <i
        className="fa fa-user-circle fa-5x"
        style={
          Object {
            "color": "#26A69A",
          }
        }
      />
      <div>
        LOGIN
      </div>
      <form
        onSubmit={[Function]}
      >
        <div
          className="input-group"
        >
          <div
            className="input-group-addon pr-4"
          >
            <i
              className="fa fa-envelope"
            />
          </div>
          <input
            aria-describedby="email"
            className="form-control"
            id="emailsignup"
            name="email_field"
            onChange={[Function]}
            placeholder="example@gmail.com"
            type="email"
            value=""
          />
        </div>
        <br />
        <div
          className="input-group"
        >
          <div
            className="input-group-addon pr-4"
          >
            <i
              className="fa fa-lock"
            />
          </div>
          <input
            className="form-control"
            name="password_field"
            onChange={[Function]}
            placeholder="Password"
            type="password"
            value=""
          />
        </div>
        <br />
        <button
          className="btn btn-default btn-lg"
          id="signin"
          name="signin"
          type="submit"
        >
          LOGIN
        </button>
      </form>
      <div
        className="change_link"
      >
        Not a member yet ?
        <Link
          replace={false}
          to="/register"
        >
          <h4
            className="toregister"
          >
            Register Here
          </h4>
        </Link>
      </div>
    </div>
    <a
      data-target="#forgot_password"
      data-toggle="modal"
      href="#"
    >
      ForgotPassword?
    </a>
    <PasswordResetEmail />
  </div>
  <footer
    className="footer"
  >
    <p>
      Â© Hadijah 2018
    </p>
  </footer>
</div>
`;
