// Jest Snapshot v1, https://goo.gl/fbAQLP

exports[`ResetEmail component renders properly 1`] = `
<div
  aria-hidden="true"
  aria-labelledby="exampleModalLabel"
  className="modal fade"
  id="forgot_password"
  role="dialog"
>
  <div
    className="modal-dialog"
    role="document"
  >
    <div
      className="modal-content"
    >
      <div
        className="modal-header"
      >
        <h5
          className="modal-title"
        >
          Reset password
        </h5>
        <button
          aria-label="Close"
          className="close"
          data-dismiss="modal"
          id="close-email-modal"
          type="button"
        >
          <span
            aria-hidden="true"
          >
            Ã—
          </span>
        </button>
      </div>
      <form
        onSubmit={[Function]}
      >
        <div
          className="modal-body"
        >
          <input
            aria-describedby="email"
            className="form-control"
            name="email"
            onChange={[Function]}
            placeholder="example@gmail.com"
            type="email"
            value=""
          />
        </div>
        <div
          className="modal-footer"
        >
          <button
            className="btn btn-primary"
            id="sendemail"
            type="submit"
          >
            Send Email
          </button>
          <button
            className="btn btn-secondary"
            data-dismiss="modal"
            type="button"
          >
            Cancel
          </button>
        </div>
      </form>
    </div>
  </div>
</div>
`;
