// Jest Snapshot v1, https://goo.gl/fbAQLP

exports[`Search component renders properly 1`] = `
<div
  className="col-md-3"
>
  <form
    onSubmit={[Function]}
  >
    <div
      className="input-group"
    >
      <input
        className="form-control"
        name="q"
        onChange={[Function]}
        placeholder="Search for categories "
        type="search"
        value=""
      />
      <span
        className="input-group-btn"
      >
        <button
          className="btn btn-secondary pr-4"
          type="submit"
        >
          <i
            className="fa fa-search"
          />
        </button>
      </span>
    </div>
  </form>
</div>
`;
