// Jest Snapshot v1, https://goo.gl/fbAQLP

exports[`Slideshow component renders properly 1`] = `
<div
  className="container-fluid"
>
  <div
    className="carousel slide"
    data-ride="carousel"
    id="myCarousel"
  >
    <ol
      className="carousel-indicators"
    >
      <li
        className="active"
        data-slide-to="0"
        data-target="#myCarousel"
      />
      <li
        data-slide-to="1"
        data-target="#myCarousel"
      />
      <li
        data-slide-to="2"
        data-target="#myCarousel"
      />
    </ol>
    <div
      className="carousel-inner"
      role="listbox"
      style={
        Object {
          "height": "100%",
        }
      }
    >
      <FoodImages
        image="food4.jpg"
        status="active"
        text="family meal"
      />
      <FoodImages
        image="new1.jpg"
        status=""
        text="proteins one"
      />
      <FoodImages
        image="new2.jpg"
        status=""
        text="proteins"
      />
    </div>
    <a
      className="carousel-control-prev"
      data-slide="prev"
      href="#myCarousel"
      role="button"
    >
      <span
        aria-hidden="true"
        className="carousel-control-prev-icon"
      />
      <span
        className="sr-only"
      >
        Previous
      </span>
    </a>
    <a
      className="carousel-control-next"
      data-slide="next"
      href="#myCarousel"
      role="button"
    >
      <span
        aria-hidden="true"
        className="carousel-control-next-icon"
      />
      <span
        className="sr-only"
      >
        Next
      </span>
    </a>
  </div>
</div>
`;
